Performing C SOURCE FILE Test CMAKE_HAVE_LIBC_PTHREAD failed with the following output:
Change Dir: /mnt/c/Users/17112/Desktop/ROS/memory management/HomeworkHandout/build/CMakeFiles/CMakeScratch/TryCompile-QZ51Wc

Run Build Command(s):/usr/bin/make -f Makefile cmTC_f178c/fast && /usr/bin/make  -f CMakeFiles/cmTC_f178c.dir/build.make CMakeFiles/cmTC_f178c.dir/build
make[1]: Entering directory '/mnt/c/Users/17112/Desktop/ROS/memory management/HomeworkHandout/build/CMakeFiles/CMakeScratch/TryCompile-QZ51Wc'
Building C object CMakeFiles/cmTC_f178c.dir/src.c.o
/usr/bin/cc -DCMAKE_HAVE_LIBC_PTHREAD   -o CMakeFiles/cmTC_f178c.dir/src.c.o -c "/mnt/c/Users/17112/Desktop/ROS/memory management/HomeworkHandout/build/CMakeFiles/CMakeScratch/TryCompile-QZ51Wc/src.c"
Linking C executable cmTC_f178c
/usr/bin/cmake -E cmake_link_script CMakeFiles/cmTC_f178c.dir/link.txt --verbose=1
/usr/bin/cc CMakeFiles/cmTC_f178c.dir/src.c.o -o cmTC_f178c 
/usr/bin/ld: CMakeFiles/cmTC_f178c.dir/src.c.o: in function `main':
src.c:(.text+0x46): undefined reference to `pthread_create'
/usr/bin/ld: src.c:(.text+0x52): undefined reference to `pthread_detach'
/usr/bin/ld: src.c:(.text+0x5e): undefined reference to `pthread_cancel'
/usr/bin/ld: src.c:(.text+0x6f): undefined reference to `pthread_join'
collect2: error: ld returned 1 exit status
make[1]: *** [CMakeFiles/cmTC_f178c.dir/build.make:99: cmTC_f178c] Error 1
make[1]: Leaving directory '/mnt/c/Users/17112/Desktop/ROS/memory management/HomeworkHandout/build/CMakeFiles/CMakeScratch/TryCompile-QZ51Wc'
make: *** [Makefile:127: cmTC_f178c/fast] Error 2


Source file was:
#include <pthread.h>

static void* test_func(void* data)
{
  return data;
}

int main(void)
{
  pthread_t thread;
  pthread_create(&thread, NULL, test_func, NULL);
  pthread_detach(thread);
  pthread_cancel(thread);
  pthread_join(thread, NULL);
  pthread_atfork(NULL, NULL, NULL);
  pthread_exit(NULL);

  return 0;
}


Determining if the function pthread_create exists in the pthreads failed with the following output:
Change Dir: /mnt/c/Users/17112/Desktop/ROS/memory management/HomeworkHandout/build/CMakeFiles/CMakeScratch/TryCompile-hdOwBc

Run Build Command(s):/usr/bin/make -f Makefile cmTC_5a249/fast && /usr/bin/make  -f CMakeFiles/cmTC_5a249.dir/build.make CMakeFiles/cmTC_5a249.dir/build
make[1]: Entering directory '/mnt/c/Users/17112/Desktop/ROS/memory management/HomeworkHandout/build/CMakeFiles/CMakeScratch/TryCompile-hdOwBc'
Building C object CMakeFiles/cmTC_5a249.dir/CheckFunctionExists.c.o
/usr/bin/cc   -DCHECK_FUNCTION_EXISTS=pthread_create -o CMakeFiles/cmTC_5a249.dir/CheckFunctionExists.c.o -c "/mnt/c/Users/17112/Desktop/ROS/memory management/HomeworkHandout/build/CMakeFiles/CMakeScratch/TryCompile-hdOwBc/CheckFunctionExists.c"
Linking C executable cmTC_5a249
/usr/bin/cmake -E cmake_link_script CMakeFiles/cmTC_5a249.dir/link.txt --verbose=1
/usr/bin/cc  -DCHECK_FUNCTION_EXISTS=pthread_create CMakeFiles/cmTC_5a249.dir/CheckFunctionExists.c.o -o cmTC_5a249  -lpthreads 
/usr/bin/ld: cannot find -lpthreads
collect2: error: ld returned 1 exit status
make[1]: *** [CMakeFiles/cmTC_5a249.dir/build.make:99: cmTC_5a249] Error 1
make[1]: Leaving directory '/mnt/c/Users/17112/Desktop/ROS/memory management/HomeworkHandout/build/CMakeFiles/CMakeScratch/TryCompile-hdOwBc'
make: *** [Makefile:127: cmTC_5a249/fast] Error 2



